camper: /project$ psql --username=freecodecamp --dbname=postgres
Border style is 2.
Pager usage is off.
psql (12.17 (Ubuntu 12.17-1.pgdg22.04+1))
SSL connection (protocol: TLSv1.3, cipher: TLS_AES_256_GCM_SHA384, bits: 256, compression: off)
Type "help" for help.

postgres=> \c universe
connection to server at "127.0.0.1", port 5432 failed: FATAL:  database "universe" does not exist
Previous connection kept
postgres=> CREATE TABLE galaxy (
postgres(> galaxy_id INTEGER PRIMARY KEY UNIQUE,
postgres(> name VARCHAR (30) NOT NULL,
postgres(> constellation VARCHAR(30) NOT NULL,
postgres(> distance INT,
postgres(> size int
postgres(> );
CREATE TABLE
postgres=> CREATE TABLE star (
postgres(> star_id INTEGER PRIMARY KEY,
postgres(> name VARCHAR (30) NOT NULL,
postgres(> age INT,
postgres(> detectedCompanions INT
postgres(> );
CREATE TABLE
postgres=> CREATE TABLE planet (
postgres(> planet_id INTEGER PRIMARY KEY UNIQUE,
postgres(> name VARCHAR(30) NOT NULL,
postgres(> star_id INT,
postgres(> CONSTRAINT fk_star
postgres(> FOREIGN KEY(star_id)
postgres(> REFERENCES star(star_id)
postgres(> );
CREATE TABLE
postgres=> CREATE TABLE moon(
postgres(> moon_id INT PRIMARY KEY UNIQUE,
postgres(> name VARCHAR(30) NOT NULL,
postgres(> planet_id INT,
postgres(> alternative_names VARCHAR(30),
postgres(> discovered_by VARCHAR(30),
postgres(> CONSTRAINT fk_moon
postgres(> FOREIGN KEY(planet_id)
postgres(> REFERENCES planet(planet_id)
postgres(> );
CREATE TABLE
postgres=> 
